
> henhacks2024@0.1.0 test
> react-scripts test --coverage

FAIL src/App.test.tsx
  ● Test suite failed to run

    Cannot find module '@maptiler/sdk' from 'src/components/map.jsx'

    Require stack:
      src/components/map.jsx
      src/DisplayView/DisplayMap.tsx
      src/App.tsx
      src/App.test.tsx

      1 | import React, { useRef, useEffect, useState } from 'react';
    > 2 | import * as maptilersdk from '@maptiler/sdk';
        | ^
      3 | import "@maptiler/sdk/dist/maptiler-sdk.css";
      4 | import './map.css';
      5 |

      at Resolver.resolveModule (node_modules/jest-resolve/build/resolver.js:324:11)
      at Object.<anonymous> (src/components/map.jsx:2:1)
      at Object.<anonymous> (src/DisplayView/DisplayMap.tsx:3:1)
      at Object.<anonymous> (src/App.tsx:7:1)
      at Object.<anonymous> (src/App.test.tsx:3:1)
      at TestScheduler.scheduleTests (node_modules/@jest/core/build/TestScheduler.js:333:13)
      at runJest (node_modules/@jest/core/build/runJest.js:404:19)
      at _run10000 (node_modules/@jest/core/build/cli/index.js:320:7)
      at runCLI (node_modules/@jest/core/build/cli/index.js:173:3)

[0;33mOne of your dependencies, babel-preset-react-app, is importing the
"@babel/plugin-proposal-private-property-in-object" package without
declaring it in its dependencies. This is currently working because
"@babel/plugin-proposal-private-property-in-object" is already in your
node_modules folder for unrelated reasons, but it [1mmay break at any time[0;33m.

babel-preset-react-app is part of the create-react-app project, [1mwhich
is not maintianed anymore[0;33m. It is thus unlikely that this bug will
ever be fixed. Add "@babel/plugin-proposal-private-property-in-object" to
your devDependencies to work around this error. This will make this message
go away.[0m
  
----------------------|---------|----------|---------|---------|-------------------
File                  | % Stmts | % Branch | % Funcs | % Lines | Uncovered Line #s 
----------------------|---------|----------|---------|---------|-------------------
All files             |       0 |        0 |       0 |       0 |                   
 src                  |       0 |        0 |       0 |       0 |                   
  App.tsx             |       0 |      100 |       0 |       0 | 12                
  index.tsx           |       0 |      100 |     100 |       0 | 7-19              
  reportWebVitals.ts  |       0 |        0 |       0 |       0 | 3-10              
 src/DisplayView      |       0 |        0 |       0 |       0 |                   
  DisplayMap.tsx      |       0 |        0 |       0 |       0 | 8-21              
  DisplaySchools.tsx  |       0 |      100 |       0 |       0 | 6-21              
  FilterComponent.tsx |       0 |        0 |       0 |       0 | 7-183             
 src/Interfaces       |       0 |        0 |       0 |       0 |                   
  accessloc.ts        |       0 |        0 |       0 |       0 |                   
  chatBoxLeft.ts      |       0 |        0 |       0 |       0 |                   
  groupCard.ts        |       0 |        0 |       0 |       0 |                   
  school.ts           |       0 |        0 |       0 |       0 |                   
 src/components       |       0 |        0 |       0 |       0 |                   
  ChatBoxLeft.tsx     |       0 |        0 |       0 |       0 | 15-29             
  ChatBoxMessage.tsx  |       0 |        0 |       0 |       0 | 9-12              
  ChatBoxRight.tsx    |       0 |        0 |       0 |       0 | 15-29             
  ChatView.tsx        |       0 |        0 |       0 |       0 | 19-35             
  GroupCard.tsx       |       0 |        0 |       0 |       0 | 11-20             
  map.jsx             |       0 |        0 |       0 |       0 | 9-73              
----------------------|---------|----------|---------|---------|-------------------
Test Suites: 1 failed, 1 total
Tests:       0 total
Snapshots:   0 total
Time:        3.923 s
Ran all test suites.
